// Jest Snapshot v1, https://goo.gl/fbAQLP

exports[`VerticalBarChart matches snapshot 1`] = `
<body>
  <div>
    <div
      data-testid="chart"
    >
      <canvas
        height="0"
        role="img"
        style="display: block; box-sizing: border-box; height: 0px; width: 0px;"
        width="0"
      />
    </div>
  </div>
</body>
`;
